Archive member included to satisfy reference by file (symbol)

/opt/st/stm32cubeide_1.6.1/plugins/com.st.stm32cube.ide.mcu.externaltools.gnu-tools-for-stm32.9-2020-q2-update.linux64_1.5.0.202011040924/tools/bin/../lib/gcc/arm-none-eabi/9.3.1/../../../../arm-none-eabi/lib/thumb/v7e-m+fp/hard/libc_nano.a(lib_a-errno.o)
                              Core/Src/syscalls.o (__errno)
/opt/st/stm32cubeide_1.6.1/plugins/com.st.stm32cube.ide.mcu.externaltools.gnu-tools-for-stm32.9-2020-q2-update.linux64_1.5.0.202011040924/tools/bin/../lib/gcc/arm-none-eabi/9.3.1/../../../../arm-none-eabi/lib/thumb/v7e-m+fp/hard/libc_nano.a(lib_a-exit.o)
                              /opt/st/stm32cubeide_1.6.1/plugins/com.st.stm32cube.ide.mcu.externaltools.gnu-tools-for-stm32.9-2020-q2-update.linux64_1.5.0.202011040924/tools/bin/../lib/gcc/arm-none-eabi/9.3.1/../../../../arm-none-eabi/lib/thumb/v7e-m+fp/hard/crt0.o (exit)
/opt/st/stm32cubeide_1.6.1/plugins/com.st.stm32cube.ide.mcu.externaltools.gnu-tools-for-stm32.9-2020-q2-update.linux64_1.5.0.202011040924/tools/bin/../lib/gcc/arm-none-eabi/9.3.1/../../../../arm-none-eabi/lib/thumb/v7e-m+fp/hard/libc_nano.a(lib_a-impure.o)
                              /opt/st/stm32cubeide_1.6.1/plugins/com.st.stm32cube.ide.mcu.externaltools.gnu-tools-for-stm32.9-2020-q2-update.linux64_1.5.0.202011040924/tools/bin/../lib/gcc/arm-none-eabi/9.3.1/../../../../arm-none-eabi/lib/thumb/v7e-m+fp/hard/libc_nano.a(lib_a-exit.o) (_global_impure_ptr)
/opt/st/stm32cubeide_1.6.1/plugins/com.st.stm32cube.ide.mcu.externaltools.gnu-tools-for-stm32.9-2020-q2-update.linux64_1.5.0.202011040924/tools/bin/../lib/gcc/arm-none-eabi/9.3.1/../../../../arm-none-eabi/lib/thumb/v7e-m+fp/hard/libc_nano.a(lib_a-init.o)
                              /opt/st/stm32cubeide_1.6.1/plugins/com.st.stm32cube.ide.mcu.externaltools.gnu-tools-for-stm32.9-2020-q2-update.linux64_1.5.0.202011040924/tools/bin/../lib/gcc/arm-none-eabi/9.3.1/../../../../arm-none-eabi/lib/thumb/v7e-m+fp/hard/crt0.o (__libc_init_array)
/opt/st/stm32cubeide_1.6.1/plugins/com.st.stm32cube.ide.mcu.externaltools.gnu-tools-for-stm32.9-2020-q2-update.linux64_1.5.0.202011040924/tools/bin/../lib/gcc/arm-none-eabi/9.3.1/../../../../arm-none-eabi/lib/thumb/v7e-m+fp/hard/libc_nano.a(lib_a-memset.o)
                              /opt/st/stm32cubeide_1.6.1/plugins/com.st.stm32cube.ide.mcu.externaltools.gnu-tools-for-stm32.9-2020-q2-update.linux64_1.5.0.202011040924/tools/bin/../lib/gcc/arm-none-eabi/9.3.1/../../../../arm-none-eabi/lib/thumb/v7e-m+fp/hard/crt0.o (memset)

Allocating common symbols
Common symbol       size              file

hi2c1               0x4c              Core/Src/main.o
uwTick              0x4               Drivers/STM32F3xx_HAL_Driver/Src/stm32f3xx_hal.o
pFlash              0x20              Drivers/STM32F3xx_HAL_Driver/Src/stm32f3xx_hal_flash.o
hadc1               0x50              Core/Src/main.o
huart4              0x84              Core/Src/main.o
hspi1               0x64              Core/Src/main.o
hpcd_USB_FS         0x2ec             Core/Src/main.o

Discarded input sections

 .text          0x0000000000000000        0x0 /opt/st/stm32cubeide_1.6.1/plugins/com.st.stm32cube.ide.mcu.externaltools.gnu-tools-for-stm32.9-2020-q2-update.linux64_1.5.0.202011040924/tools/bin/../lib/gcc/arm-none-eabi/9.3.1/thumb/v7e-m+fp/hard/crti.o
 .data          0x0000000000000000        0x0 /opt/st/stm32cubeide_1.6.1/plugins/com.st.stm32cube.ide.mcu.externaltools.gnu-tools-for-stm32.9-2020-q2-update.linux64_1.5.0.202011040924/tools/bin/../lib/gcc/arm-none-eabi/9.3.1/thumb/v7e-m+fp/hard/crti.o
 .bss           0x0000000000000000        0x0 /opt/st/stm32cubeide_1.6.1/plugins/com.st.stm32cube.ide.mcu.externaltools.gnu-tools-for-stm32.9-2020-q2-update.linux64_1.5.0.202011040924/tools/bin/../lib/gcc/arm-none-eabi/9.3.1/thumb/v7e-m+fp/hard/crti.o
 .data          0x0000000000000000        0x4 /opt/st/stm32cubeide_1.6.1/plugins/com.st.stm32cube.ide.mcu.externaltools.gnu-tools-for-stm32.9-2020-q2-update.linux64_1.5.0.202011040924/tools/bin/../lib/gcc/arm-none-eabi/9.3.1/thumb/v7e-m+fp/hard/crtbegin.o
 .text          0x0000000000000000       0x7c /opt/st/stm32cubeide_1.6.1/plugins/com.st.stm32cube.ide.mcu.externaltools.gnu-tools-for-stm32.9-2020-q2-update.linux64_1.5.0.202011040924/tools/bin/../lib/gcc/arm-none-eabi/9.3.1/../../../../arm-none-eabi/lib/thumb/v7e-m+fp/hard/crt0.o
 .data          0x0000000000000000        0x0 /opt/st/stm32cubeide_1.6.1/plugins/com.st.stm32cube.ide.mcu.externaltools.gnu-tools-for-stm32.9-2020-q2-update.linux64_1.5.0.202011040924/tools/bin/../lib/gcc/arm-none-eabi/9.3.1/../../../../arm-none-eabi/lib/thumb/v7e-m+fp/hard/crt0.o
 .bss           0x0000000000000000        0x0 /opt/st/stm32cubeide_1.6.1/plugins/com.st.stm32cube.ide.mcu.externaltools.gnu-tools-for-stm32.9-2020-q2-update.linux64_1.5.0.202011040924/tools/bin/../lib/gcc/arm-none-eabi/9.3.1/../../../../arm-none-eabi/lib/thumb/v7e-m+fp/hard/crt0.o
[...]
Memory Configuration

Name             Origin             Length             Attributes
CCMRAM           0x0000000010000000 0x0000000000002000 xrw
RAM              0x0000000020000000 0x000000000000a000 xrw
FLASH            0x0000000008000000 0x0000000000040000 xr
*default*        0x0000000000000000 0xffffffffffffffff

Linker script and memory map

LOAD /opt/st/stm32cubeide_1.6.1/plugins/com.st.stm32cube.ide.mcu.externaltools.gnu-tools-for-stm32.9-2020-q2-update.linux64_1.5.0.202011040924/tools/bin/../lib/gcc/arm-none-eabi/9.3.1/thumb/v7e-m+fp/hard/crti.o
LOAD /opt/st/stm32cubeide_1.6.1/plugins/com.st.stm32cube.ide.mcu.externaltools.gnu-tools-for-stm32.9-2020-q2-update.linux64_1.5.0.202011040924/tools/bin/../lib/gcc/arm-none-eabi/9.3.1/thumb/v7e-m+fp/hard/crtbegin.o
LOAD /opt/st/stm32cubeide_1.6.1/plugins/com.st.stm32cube.ide.mcu.externaltools.gnu-tools-for-stm32.9-2020-q2-update.linux64_1.5.0.202011040924/tools/bin/../lib/gcc/arm-none-eabi/9.3.1/../../../../arm-none-eabi/lib/thumb/v7e-m+fp/hard/crt0.o
LOAD Core/Src/main.o
LOAD Core/Src/stm32f3xx_hal_msp.o
LOAD Core/Src/stm32f3xx_it.o
LOAD Core/Src/syscalls.o
LOAD Core/Src/sysmem.o
LOAD Core/Src/system_stm32f3xx.o
LOAD Core/Startup/startup_stm32f303vctx.o
LOAD Drivers/STM32F3xx_HAL_Driver/Src/stm32f3xx_hal.o
LOAD Drivers/STM32F3xx_HAL_Driver/Src/stm32f3xx_hal_adc.o
LOAD Drivers/STM32F3xx_HAL_Driver/Src/stm32f3xx_hal_adc_ex.o
LOAD Drivers/STM32F3xx_HAL_Driver/Src/stm32f3xx_hal_cortex.o
LOAD Drivers/STM32F3xx_HAL_Driver/Src/stm32f3xx_hal_dma.o
LOAD Drivers/STM32F3xx_HAL_Driver/Src/stm32f3xx_hal_exti.o
LOAD Drivers/STM32F3xx_HAL_Driver/Src/stm32f3xx_hal_flash.o
LOAD Drivers/STM32F3xx_HAL_Driver/Src/stm32f3xx_hal_flash_ex.o
LOAD Drivers/STM32F3xx_HAL_Driver/Src/stm32f3xx_hal_gpio.o
LOAD Drivers/STM32F3xx_HAL_Driver/Src/stm32f3xx_hal_i2c.o
LOAD Drivers/STM32F3xx_HAL_Driver/Src/stm32f3xx_hal_i2c_ex.o
LOAD Drivers/STM32F3xx_HAL_Driver/Src/stm32f3xx_hal_pcd.o
LOAD Drivers/STM32F3xx_HAL_Driver/Src/stm32f3xx_hal_pcd_ex.o
LOAD Drivers/STM32F3xx_HAL_Driver/Src/stm32f3xx_hal_pwr.o
LOAD Drivers/STM32F3xx_HAL_Driver/Src/stm32f3xx_hal_pwr_ex.o
LOAD Drivers/STM32F3xx_HAL_Driver/Src/stm32f3xx_hal_rcc.o
LOAD Drivers/STM32F3xx_HAL_Driver/Src/stm32f3xx_hal_rcc_ex.o
LOAD Drivers/STM32F3xx_HAL_Driver/Src/stm32f3xx_hal_spi.o
LOAD Drivers/STM32F3xx_HAL_Driver/Src/stm32f3xx_hal_spi_ex.o
LOAD Drivers/STM32F3xx_HAL_Driver/Src/stm32f3xx_hal_tim.o
LOAD Drivers/STM32F3xx_HAL_Driver/Src/stm32f3xx_hal_tim_ex.o
LOAD Drivers/STM32F3xx_HAL_Driver/Src/stm32f3xx_hal_uart.o
LOAD Drivers/STM32F3xx_HAL_Driver/Src/stm32f3xx_hal_uart_ex.o
LOAD Drivers/STM32F3xx_HAL_Driver/Src/stm32f3xx_ll_usb.o
START GROUP
LOAD /opt/st/stm32cubeide_1.6.1/plugins/com.st.stm32cube.ide.mcu.externaltools.gnu-tools-for-stm32.9-2020-q2-update.linux64_1.5.0.202011040924/tools/bin/../lib/gcc/arm-none-eabi/9.3.1/../../../../arm-none-eabi/lib/thumb/v7e-m+fp/hard/libc_nano.a
LOAD /opt/st/stm32cubeide_1.6.1/plugins/com.st.stm32cube.ide.mcu.externaltools.gnu-tools-for-stm32.9-2020-q2-update.linux64_1.5.0.202011040924/tools/bin/../lib/gcc/arm-none-eabi/9.3.1/../../../../arm-none-eabi/lib/thumb/v7e-m+fp/hard/libm.a
END GROUP
START GROUP
LOAD /opt/st/stm32cubeide_1.6.1/plugins/com.st.stm32cube.ide.mcu.externaltools.gnu-tools-for-stm32.9-2020-q2-update.linux64_1.5.0.202011040924/tools/bin/../lib/gcc/arm-none-eabi/9.3.1/thumb/v7e-m+fp/hard/libgcc.a
LOAD /opt/st/stm32cubeide_1.6.1/plugins/com.st.stm32cube.ide.mcu.externaltools.gnu-tools-for-stm32.9-2020-q2-update.linux64_1.5.0.202011040924/tools/bin/../lib/gcc/arm-none-eabi/9.3.1/../../../../arm-none-eabi/lib/thumb/v7e-m+fp/hard/libc_nano.a
END GROUP
START GROUP
LOAD /opt/st/stm32cubeide_1.6.1/plugins/com.st.stm32cube.ide.mcu.externaltools.gnu-tools-for-stm32.9-2020-q2-update.linux64_1.5.0.202011040924/tools/bin/../lib/gcc/arm-none-eabi/9.3.1/thumb/v7e-m+fp/hard/libgcc.a
LOAD /opt/st/stm32cubeide_1.6.1/plugins/com.st.stm32cube.ide.mcu.externaltools.gnu-tools-for-stm32.9-2020-q2-update.linux64_1.5.0.202011040924/tools/bin/../lib/gcc/arm-none-eabi/9.3.1/../../../../arm-none-eabi/lib/thumb/v7e-m+fp/hard/libc_nano.a
LOAD /opt/st/stm32cubeide_1.6.1/plugins/com.st.stm32cube.ide.mcu.externaltools.gnu-tools-for-stm32.9-2020-q2-update.linux64_1.5.0.202011040924/tools/bin/../lib/gcc/arm-none-eabi/9.3.1/../../../../arm-none-eabi/lib/thumb/v7e-m+fp/hard/libnosys.a
END GROUP
START GROUP
LOAD /opt/st/stm32cubeide_1.6.1/plugins/com.st.stm32cube.ide.mcu.externaltools.gnu-tools-for-stm32.9-2020-q2-update.linux64_1.5.0.202011040924/tools/bin/../lib/gcc/arm-none-eabi/9.3.1/thumb/v7e-m+fp/hard/libgcc.a
LOAD /opt/st/stm32cubeide_1.6.1/plugins/com.st.stm32cube.ide.mcu.externaltools.gnu-tools-for-stm32.9-2020-q2-update.linux64_1.5.0.202011040924/tools/bin/../lib/gcc/arm-none-eabi/9.3.1/../../../../arm-none-eabi/lib/thumb/v7e-m+fp/hard/libc_nano.a
LOAD /opt/st/stm32cubeide_1.6.1/plugins/com.st.stm32cube.ide.mcu.externaltools.gnu-tools-for-stm32.9-2020-q2-update.linux64_1.5.0.202011040924/tools/bin/../lib/gcc/arm-none-eabi/9.3.1/../../../../arm-none-eabi/lib/thumb/v7e-m+fp/hard/libnosys.a
END GROUP
LOAD /opt/st/stm32cubeide_1.6.1/plugins/com.st.stm32cube.ide.mcu.externaltools.gnu-tools-for-stm32.9-2020-q2-update.linux64_1.5.0.202011040924/tools/bin/../lib/gcc/arm-none-eabi/9.3.1/thumb/v7e-m+fp/hard/crtend.o
LOAD /opt/st/stm32cubeide_1.6.1/plugins/com.st.stm32cube.ide.mcu.externaltools.gnu-tools-for-stm32.9-2020-q2-update.linux64_1.5.0.202011040924/tools/bin/../lib/gcc/arm-none-eabi/9.3.1/thumb/v7e-m+fp/hard/crtn.o
                0x000000002000a000                _estack = (ORIGIN (RAM) + LENGTH (RAM))
                0x0000000000000200                _Min_Heap_Size = 0x200
                0x0000000000000400                _Min_Stack_Size = 0x400

.isr_vector     0x0000000008000000      0x188
                0x0000000008000000                . = ALIGN (0x4)
 *(.isr_vector)
 .isr_vector    0x0000000008000000      0x188 Core/Startup/startup_stm32f303vctx.o
                0x0000000008000000                g_pfnVectors
                0x0000000008000188                . = ALIGN (0x4)

.text           0x0000000008000188     0x51e0
                0x0000000008000188                . = ALIGN (0x4)
 *(.text)
 .text          0x0000000008000188       0x40 /opt/st/stm32cubeide_1.6.1/plugins/com.st.stm32cube.ide.mcu.externaltools.gnu-tools-for-stm32.9-2020-q2-update.linux64_1.5.0.202011040924/tools/bin/../lib/gcc/arm-none-eabi/9.3.1/thumb/v7e-m+fp/hard/crtbegin.o
 *(.text*)
 .text.HAL_ADC_ConvCpltCallback
                0x00000000080001c8       0x34 Core/Src/main.o
                0x00000000080001c8                HAL_ADC_ConvCpltCallback
 .text.HAL_UART_RxCpltCallback
                0x00000000080001fc       0x34 Core/Src/main.o
                0x00000000080001fc                HAL_UART_RxCpltCallback
 .text.main     0x0000000008000230       0x44 Core/Src/main.o
                0x0000000008000230                main
 .text.SystemClock_Config
                0x0000000008000274       0xcc Core/Src/main.o
                0x0000000008000274                SystemClock_Config
 .text.MX_ADC1_Init
                0x0000000008000340       0xe0 Core/Src/main.o
 .text.MX_I2C1_Init
                0x0000000008000420       0x80 Core/Src/main.o
 .text.MX_SPI1_Init
                0x00000000080004a0       0x7c Core/Src/main.o
 .text.MX_UART4_Init
                0x000000000800051c       0x60 Core/Src/main.o
 .text.MX_USB_PCD_Init
                0x000000000800057c       0x44 Core/Src/main.o
 .text.MX_GPIO_Init
                0x00000000080005c0      0x100 Core/Src/main.o
 .text.Error_Handler
                0x00000000080006c0        0xa Core/Src/main.o
                0x00000000080006c0                Error_Handler
 *fill*         0x00000000080006ca        0x2 
 .text.HAL_MspInit
                0x00000000080006cc       0x48 Core/Src/stm32f3xx_hal_msp.o
                0x00000000080006cc                HAL_MspInit
 .text.HAL_ADC_MspInit
                0x0000000008000714       0x88 Core/Src/stm32f3xx_hal_msp.o
                0x0000000008000714                HAL_ADC_MspInit
 .text.HAL_I2C_MspInit
                0x000000000800079c       0x88 Core/Src/stm32f3xx_hal_msp.o
                0x000000000800079c                HAL_I2C_MspInit
 .text.HAL_SPI_MspInit
                0x0000000008000824       0x84 Core/Src/stm32f3xx_hal_msp.o
                0x0000000008000824                HAL_SPI_MspInit
 .text.HAL_UART_MspInit
                0x00000000080008a8       0x98 Core/Src/stm32f3xx_hal_msp.o
                0x00000000080008a8                HAL_UART_MspInit
 .text.HAL_PCD_MspInit
                0x0000000008000940       0x88 Core/Src/stm32f3xx_hal_msp.o
                0x0000000008000940                HAL_PCD_MspInit
 .text.NMI_Handler
                0x00000000080009c8        0x6 Core/Src/stm32f3xx_it.o
                0x00000000080009c8                NMI_Handler
 .text.HardFault_Handler
                0x00000000080009ce        0x6 Core/Src/stm32f3xx_it.o
                0x00000000080009ce                HardFault_Handler
 .text.MemManage_Handler
                0x00000000080009d4        0x6 Core/Src/stm32f3xx_it.o
                0x00000000080009d4                MemManage_Handler
 .text.BusFault_Handler
                0x00000000080009da        0x6 Core/Src/stm32f3xx_it.o
                0x00000000080009da                BusFault_Handler
 .text.UsageFault_Handler
                0x00000000080009e0        0x6 Core/Src/stm32f3xx_it.o
                0x00000000080009e0                UsageFault_Handler
 .text.SVC_Handler
                0x00000000080009e6        0xe Core/Src/stm32f3xx_it.o
                0x00000000080009e6                SVC_Handler
 .text.DebugMon_Handler
                0x00000000080009f4        0xe Core/Src/stm32f3xx_it.o
                0x00000000080009f4                DebugMon_Handler
 .text.PendSV_Handler
                0x0000000008000a02        0xe Core/Src/stm32f3xx_it.o
                0x0000000008000a02                PendSV_Handler
 .text.SysTick_Handler
                0x0000000008000a10        0xc Core/Src/stm32f3xx_it.o
                0x0000000008000a10                SysTick_Handler
 .text.ADC1_2_IRQHandler
                0x0000000008000a1c       0x14 Core/Src/stm32f3xx_it.o
                0x0000000008000a1c                ADC1_2_IRQHandler
 .text.UART4_IRQHandler
                0x0000000008000a30       0x14 Core/Src/stm32f3xx_it.o
                0x0000000008000a30                UART4_IRQHandler
 .text.SystemInit
                0x0000000008000a44       0x24 Core/Src/system_stm32f3xx.o
                0x0000000008000a44                SystemInit
 .text.Reset_Handler
                0x0000000008000a68       0x50 Core/Startup/startup_stm32f303vctx.o
                0x0000000008000a68                Reset_Handler
 .text.Default_Handler
                0x0000000008000ab8        0x2 Core/Startup/startup_stm32f303vctx.o
                0x0000000008000ab8                RTC_Alarm_IRQHandler
                0x0000000008000ab8                TIM8_TRG_COM_IRQHandler
                0x0000000008000ab8                TIM8_CC_IRQHandler
                0x0000000008000ab8                TIM1_CC_IRQHandler
                0x0000000008000ab8                USB_HP_IRQHandler
                0x0000000008000ab8                PVD_IRQHandler
                0x0000000008000ab8                TAMP_STAMP_IRQHandler
                0x0000000008000ab8                EXTI3_IRQHandler
                0x0000000008000ab8                USB_HP_CAN_TX_IRQHandler
                0x0000000008000ab8                EXTI0_IRQHandler
                0x0000000008000ab8                I2C2_EV_IRQHandler
                0x0000000008000ab8                FPU_IRQHandler
                0x0000000008000ab8                TIM1_UP_TIM16_IRQHandler
                0x0000000008000ab8                SPI1_IRQHandler
                0x0000000008000ab8                CAN_SCE_IRQHandler
                0x0000000008000ab8                TIM6_DAC_IRQHandler
                0x0000000008000ab8                TIM8_UP_IRQHandler
                0x0000000008000ab8                DMA2_Channel2_IRQHandler
                0x0000000008000ab8                DMA1_Channel4_IRQHandler
                0x0000000008000ab8                USART3_IRQHandler
                0x0000000008000ab8                DMA1_Channel7_IRQHandler
                0x0000000008000ab8                UART5_IRQHandler
                0x0000000008000ab8                ADC3_IRQHandler
                0x0000000008000ab8                TIM4_IRQHandler
                0x0000000008000ab8                CAN_RX1_IRQHandler
                0x0000000008000ab8                DMA2_Channel1_IRQHandler
                0x0000000008000ab8                I2C1_EV_IRQHandler
                0x0000000008000ab8                DMA1_Channel6_IRQHandler
                0x0000000008000ab8                DMA2_Channel4_IRQHandler
                0x0000000008000ab8                TIM3_IRQHandler
                0x0000000008000ab8                RCC_IRQHandler
                0x0000000008000ab8                DMA1_Channel1_IRQHandler
                0x0000000008000ab8                Default_Handler
                0x0000000008000ab8                USBWakeUp_RMP_IRQHandler
                0x0000000008000ab8                EXTI15_10_IRQHandler
                0x0000000008000ab8                TIM7_IRQHandler
                0x0000000008000ab8                EXTI9_5_IRQHandler
                0x0000000008000ab8                RTC_WKUP_IRQHandler
                0x0000000008000ab8                SPI2_IRQHandler
                0x0000000008000ab8                USB_LP_CAN_RX0_IRQHandler
                0x0000000008000ab8                DMA2_Channel5_IRQHandler
                0x0000000008000ab8                DMA1_Channel5_IRQHandler
                0x0000000008000ab8                USB_LP_IRQHandler
                0x0000000008000ab8                EXTI4_IRQHandler
                0x0000000008000ab8                TIM1_TRG_COM_TIM17_IRQHandler
                0x0000000008000ab8                DMA1_Channel3_IRQHandler
                0x0000000008000ab8                ADC4_IRQHandler
                0x0000000008000ab8                WWDG_IRQHandler
                0x0000000008000ab8                TIM2_IRQHandler
                0x0000000008000ab8                COMP7_IRQHandler
                0x0000000008000ab8                COMP1_2_3_IRQHandler
                0x0000000008000ab8                EXTI1_IRQHandler
                0x0000000008000ab8                USART2_IRQHandler
                0x0000000008000ab8                COMP4_5_6_IRQHandler
                0x0000000008000ab8                I2C2_ER_IRQHandler
                0x0000000008000ab8                DMA1_Channel2_IRQHandler
                0x0000000008000ab8                TIM8_BRK_IRQHandler
                0x0000000008000ab8                FLASH_IRQHandler
                0x0000000008000ab8                USART1_IRQHandler
                0x0000000008000ab8                SPI3_IRQHandler
                0x0000000008000ab8                I2C1_ER_IRQHandler
                0x0000000008000ab8                USBWakeUp_IRQHandler
                0x0000000008000ab8                DMA2_Channel3_IRQHandler
                0x0000000008000ab8                EXTI2_TSC_IRQHandler
                0x0000000008000ab8                TIM1_BRK_TIM15_IRQHandler
 *fill*         0x0000000008000aba        0x2 
 .text.HAL_Init
                0x0000000008000abc       0x2c Drivers/STM32F3xx_HAL_Driver/Src/stm32f3xx_hal.o
                0x0000000008000abc                HAL_Init
 .text.HAL_InitTick
                0x0000000008000ae8       0x60 Drivers/STM32F3xx_HAL_Driver/Src/stm32f3xx_hal.o
                0x0000000008000ae8                HAL_InitTick
 .text.HAL_IncTick
                0x0000000008000b48       0x28 Drivers/STM32F3xx_HAL_Driver/Src/stm32f3xx_hal.o
                0x0000000008000b48                HAL_IncTick
 .text.HAL_GetTick
                0x0000000008000b70       0x18 Drivers/STM32F3xx_HAL_Driver/Src/stm32f3xx_hal.o
                0x0000000008000b70                HAL_GetTick
 .text.HAL_ADC_LevelOutOfWindowCallback
                0x0000000008000b88       0x14 Drivers/STM32F3xx_HAL_Driver/Src/stm32f3xx_hal_adc.o
                0x0000000008000b88                HAL_ADC_LevelOutOfWindowCallback
 .text.HAL_ADC_ErrorCallback
                0x0000000008000b9c       0x14 Drivers/STM32F3xx_HAL_Driver/Src/stm32f3xx_hal_adc.o
                0x0000000008000b9c                HAL_ADC_ErrorCallback
 .text.HAL_ADC_Init
                0x0000000008000bb0      0x3c0 Drivers/STM32F3xx_HAL_Driver/Src/stm32f3xx_hal_adc_ex.o
                0x0000000008000bb0                HAL_ADC_Init
 .text.HAL_ADC_Start_IT
                0x0000000008000f70      0x280 Drivers/STM32F3xx_HAL_Driver/Src/stm32f3xx_hal_adc_ex.o
                0x0000000008000f70                HAL_ADC_Start_IT
 .text.HAL_ADC_GetValue
                0x00000000080011f0       0x1a Drivers/STM32F3xx_HAL_Driver/Src/stm32f3xx_hal_adc_ex.o
                0x00000000080011f0                HAL_ADC_GetValue
 *fill*         0x000000000800120a        0x2 
 .text.HAL_ADC_IRQHandler
                0x000000000800120c      0x618 Drivers/STM32F3xx_HAL_Driver/Src/stm32f3xx_hal_adc_ex.o
                0x000000000800120c                HAL_ADC_IRQHandler
 .text.HAL_ADCEx_InjectedConvCpltCallback
                0x0000000008001824       0x14 Drivers/STM32F3xx_HAL_Driver/Src/stm32f3xx_hal_adc_ex.o
                0x0000000008001824                HAL_ADCEx_InjectedConvCpltCallback
 .text.HAL_ADCEx_InjectedQueueOverflowCallback
                0x0000000008001838       0x14 Drivers/STM32F3xx_HAL_Driver/Src/stm32f3xx_hal_adc_ex.o
                0x0000000008001838                HAL_ADCEx_InjectedQueueOverflowCallback
 .text.HAL_ADCEx_LevelOutOfWindow2Callback
                0x000000000800184c       0x14 Drivers/STM32F3xx_HAL_Driver/Src/stm32f3xx_hal_adc_ex.o
                0x000000000800184c                HAL_ADCEx_LevelOutOfWindow2Callback
 .text.HAL_ADCEx_LevelOutOfWindow3Callback
                0x0000000008001860       0x14 Drivers/STM32F3xx_HAL_Driver/Src/stm32f3xx_hal_adc_ex.o
                0x0000000008001860                HAL_ADCEx_LevelOutOfWindow3Callback
 .text.HAL_ADC_ConfigChannel
                0x0000000008001874      0x5d8 Drivers/STM32F3xx_HAL_Driver/Src/stm32f3xx_hal_adc_ex.o
                0x0000000008001874                HAL_ADC_ConfigChannel
 .text.HAL_ADCEx_MultiModeConfigChannel
                0x0000000008001e4c      0x1e4 Drivers/STM32F3xx_HAL_Driver/Src/stm32f3xx_hal_adc_ex.o
                0x0000000008001e4c                HAL_ADCEx_MultiModeConfigChannel
 .text.ADC_Enable
                0x0000000008002030       0xbc Drivers/STM32F3xx_HAL_Driver/Src/stm32f3xx_hal_adc_ex.o
 .text.ADC_Disable
                0x00000000080020ec       0xbe Drivers/STM32F3xx_HAL_Driver/Src/stm32f3xx_hal_adc_ex.o
 *fill*         0x00000000080021aa        0x2 
 .text.__NVIC_SetPriorityGrouping
                0x00000000080021ac       0x48 Drivers/STM32F3xx_HAL_Driver/Src/stm32f3xx_hal_cortex.o
 .text.__NVIC_GetPriorityGrouping
                0x00000000080021f4       0x1c Drivers/STM32F3xx_HAL_Driver/Src/stm32f3xx_hal_cortex.o
 .text.__NVIC_EnableIRQ
                0x0000000008002210       0x3c Drivers/STM32F3xx_HAL_Driver/Src/stm32f3xx_hal_cortex.o
 .text.__NVIC_SetPriority
                0x000000000800224c       0x54 Drivers/STM32F3xx_HAL_Driver/Src/stm32f3xx_hal_cortex.o
 .text.NVIC_EncodePriority
                0x00000000080022a0       0x66 Drivers/STM32F3xx_HAL_Driver/Src/stm32f3xx_hal_cortex.o
 *fill*         0x0000000008002306        0x2 
 .text.SysTick_Config
                0x0000000008002308       0x44 Drivers/STM32F3xx_HAL_Driver/Src/stm32f3xx_hal_cortex.o
 .text.HAL_NVIC_SetPriorityGrouping
                0x000000000800234c       0x16 Drivers/STM32F3xx_HAL_Driver/Src/stm32f3xx_hal_cortex.o
                0x000000000800234c                HAL_NVIC_SetPriorityGrouping
 .text.HAL_NVIC_SetPriority
                0x0000000008002362       0x38 Drivers/STM32F3xx_HAL_Driver/Src/stm32f3xx_hal_cortex.o
                0x0000000008002362                HAL_NVIC_SetPriority
 .text.HAL_NVIC_EnableIRQ
                0x000000000800239a       0x1c Drivers/STM32F3xx_HAL_Driver/Src/stm32f3xx_hal_cortex.o
                0x000000000800239a                HAL_NVIC_EnableIRQ
 .text.HAL_SYSTICK_Config
                0x00000000080023b6       0x18 Drivers/STM32F3xx_HAL_Driver/Src/stm32f3xx_hal_cortex.o
                0x00000000080023b6                HAL_SYSTICK_Config
 .text.HAL_DMA_Abort
                0x00000000080023ce       0x72 Drivers/STM32F3xx_HAL_Driver/Src/stm32f3xx_hal_dma.o
                0x00000000080023ce                HAL_DMA_Abort
 .text.HAL_DMA_Abort_IT
                0x0000000008002440       0x7c Drivers/STM32F3xx_HAL_Driver/Src/stm32f3xx_hal_dma.o
                0x0000000008002440                HAL_DMA_Abort_IT
 .text.HAL_GPIO_Init
                0x00000000080024bc      0x2f4 Drivers/STM32F3xx_HAL_Driver/Src/stm32f3xx_hal_gpio.o
                0x00000000080024bc                HAL_GPIO_Init
 .text.HAL_GPIO_WritePin
                0x00000000080027b0       0x30 Drivers/STM32F3xx_HAL_Driver/Src/stm32f3xx_hal_gpio.o
                0x00000000080027b0                HAL_GPIO_WritePin
 .text.HAL_GPIO_TogglePin
                0x00000000080027e0       0x34 Drivers/STM32F3xx_HAL_Driver/Src/stm32f3xx_hal_gpio.o
                0x00000000080027e0                HAL_GPIO_TogglePin
 .text.HAL_I2C_Init
                0x0000000008002814      0x11e Drivers/STM32F3xx_HAL_Driver/Src/stm32f3xx_hal_i2c.o
                0x0000000008002814                HAL_I2C_Init
 .text.HAL_I2CEx_ConfigAnalogFilter
                0x0000000008002932       0x96 Drivers/STM32F3xx_HAL_Driver/Src/stm32f3xx_hal_i2c_ex.o
                0x0000000008002932                HAL_I2CEx_ConfigAnalogFilter
 .text.HAL_I2CEx_ConfigDigitalFilter
                0x00000000080029c8       0x98 Drivers/STM32F3xx_HAL_Driver/Src/stm32f3xx_hal_i2c_ex.o
                0x00000000080029c8                HAL_I2CEx_ConfigDigitalFilter
 .text.HAL_PCD_Init
                0x0000000008002a60      0x1bc Drivers/STM32F3xx_HAL_Driver/Src/stm32f3xx_hal_pcd.o
                0x0000000008002a60                HAL_PCD_Init
 .text.HAL_RCC_OscConfig
                0x0000000008002c1c      0xe10 Drivers/STM32F3xx_HAL_Driver/Src/stm32f3xx_hal_rcc.o
                0x0000000008002c1c                HAL_RCC_OscConfig
 .text.HAL_RCC_ClockConfig
                0x0000000008003a2c      0x2f8 Drivers/STM32F3xx_HAL_Driver/Src/stm32f3xx_hal_rcc.o
                0x0000000008003a2c                HAL_RCC_ClockConfig
 .text.HAL_RCC_GetSysClockFreq
                0x0000000008003d24       0xd4 Drivers/STM32F3xx_HAL_Driver/Src/stm32f3xx_hal_rcc.o
                0x0000000008003d24                HAL_RCC_GetSysClockFreq
 .text.HAL_RCC_GetHCLKFreq
                0x0000000008003df8       0x18 Drivers/STM32F3xx_HAL_Driver/Src/stm32f3xx_hal_rcc.o
                0x0000000008003df8                HAL_RCC_GetHCLKFreq
 .text.HAL_RCC_GetPCLK1Freq
                0x0000000008003e10       0x44 Drivers/STM32F3xx_HAL_Driver/Src/stm32f3xx_hal_rcc.o
                0x0000000008003e10                HAL_RCC_GetPCLK1Freq
 .text.HAL_RCC_GetPCLK2Freq
                0x0000000008003e54       0x44 Drivers/STM32F3xx_HAL_Driver/Src/stm32f3xx_hal_rcc.o
                0x0000000008003e54                HAL_RCC_GetPCLK2Freq
 .text.HAL_RCCEx_PeriphCLKConfig
                0x0000000008003e98      0x360 Drivers/STM32F3xx_HAL_Driver/Src/stm32f3xx_hal_rcc_ex.o
                0x0000000008003e98                HAL_RCCEx_PeriphCLKConfig
 .text.HAL_SPI_Init
                0x00000000080041f8      0x156 Drivers/STM32F3xx_HAL_Driver/Src/stm32f3xx_hal_spi.o
                0x00000000080041f8                HAL_SPI_Init
 .text.HAL_UART_Init
                0x000000000800434e       0x9c Drivers/STM32F3xx_HAL_Driver/Src/stm32f3xx_hal_uart.o
                0x000000000800434e                HAL_UART_Init
 .text.HAL_UART_Receive_IT
                0x00000000080043ea       0x7a Drivers/STM32F3xx_HAL_Driver/Src/stm32f3xx_hal_uart.o
                0x00000000080043ea                HAL_UART_Receive_IT
 .text.HAL_UART_IRQHandler
                0x0000000008004464      0x400 Drivers/STM32F3xx_HAL_Driver/Src/stm32f3xx_hal_uart.o
                0x0000000008004464                HAL_UART_IRQHandler
 .text.HAL_UART_TxCpltCallback
                0x0000000008004864       0x14 Drivers/STM32F3xx_HAL_Driver/Src/stm32f3xx_hal_uart.o
                0x0000000008004864                HAL_UART_TxCpltCallback
 .text.HAL_UART_ErrorCallback
                0x0000000008004878       0x14 Drivers/STM32F3xx_HAL_Driver/Src/stm32f3xx_hal_uart.o
                0x0000000008004878                HAL_UART_ErrorCallback
 .text.HAL_UARTEx_RxEventCallback
                0x000000000800488c       0x18 Drivers/STM32F3xx_HAL_Driver/Src/stm32f3xx_hal_uart.o
                0x000000000800488c                HAL_UARTEx_RxEventCallback
 .text.UART_SetConfig
                0x00000000080048a4      0x3a8 Drivers/STM32F3xx_HAL_Driver/Src/stm32f3xx_hal_uart.o
                0x00000000080048a4                UART_SetConfig
 .text.UART_AdvFeatureConfig
                0x0000000008004c4c      0x144 Drivers/STM32F3xx_HAL_Driver/Src/stm32f3xx_hal_uart.o
                0x0000000008004c4c                UART_AdvFeatureConfig
 .text.UART_CheckIdleState
                0x0000000008004d90       0x92 Drivers/STM32F3xx_HAL_Driver/Src/stm32f3xx_hal_uart.o
                0x0000000008004d90                UART_CheckIdleState
 .text.UART_WaitOnFlagUntilTimeout
                0x0000000008004e22       0xf8 Drivers/STM32F3xx_HAL_Driver/Src/stm32f3xx_hal_uart.o
                0x0000000008004e22                UART_WaitOnFlagUntilTimeout
 *fill*         0x0000000008004f1a        0x2 
 .text.UART_Start_Receive_IT
                0x0000000008004f1c       0xec Drivers/STM32F3xx_HAL_Driver/Src/stm32f3xx_hal_uart.o
                0x0000000008004f1c                UART_Start_Receive_IT
 .text.UART_EndRxTransfer
                0x0000000008005008       0x5e Drivers/STM32F3xx_HAL_Driver/Src/stm32f3xx_hal_uart.o
 .text.UART_DMAAbortOnError
                0x0000000008005066       0x2c Drivers/STM32F3xx_HAL_Driver/Src/stm32f3xx_hal_uart.o
 .text.UART_EndTransmit_IT
                0x0000000008005092       0x32 Drivers/STM32F3xx_HAL_Driver/Src/stm32f3xx_hal_uart.o
 .text.UART_RxISR_8BIT
                0x00000000080050c4       0xd4 Drivers/STM32F3xx_HAL_Driver/Src/stm32f3xx_hal_uart.o
 .text.UART_RxISR_16BIT
                0x0000000008005198       0xd4 Drivers/STM32F3xx_HAL_Driver/Src/stm32f3xx_hal_uart.o
 .text.HAL_UARTEx_WakeupCallback
                0x000000000800526c       0x14 Drivers/STM32F3xx_HAL_Driver/Src/stm32f3xx_hal_uart_ex.o
                0x000000000800526c                HAL_UARTEx_WakeupCallback
 .text.USB_DisableGlobalInt
                0x0000000008005280       0x36 Drivers/STM32F3xx_HAL_Driver/Src/stm32f3xx_ll_usb.o
                0x0000000008005280                USB_DisableGlobalInt
 .text.USB_DevInit
                0x00000000080052b6       0x42 Drivers/STM32F3xx_HAL_Driver/Src/stm32f3xx_ll_usb.o
                0x00000000080052b6                USB_DevInit
 .text.__libc_init_array
                0x00000000080052f8       0x48 /opt/st/stm32cubeide_1.6.1/plugins/com.st.stm32cube.ide.mcu.externaltools.gnu-tools-for-stm32.9-2020-q2-update.linux64_1.5.0.202011040924/tools/bin/../lib/gcc/arm-none-eabi/9.3.1/../../../../arm-none-eabi/lib/thumb/v7e-m+fp/hard/libc_nano.a(lib_a-init.o)
                0x00000000080052f8                __libc_init_array
 .text.memset   0x0000000008005340       0x10 /opt/st/stm32cubeide_1.6.1/plugins/com.st.stm32cube.ide.mcu.externaltools.gnu-tools-for-stm32.9-2020-q2-update.linux64_1.5.0.202011040924/tools/bin/../lib/gcc/arm-none-eabi/9.3.1/../../../../arm-none-eabi/lib/thumb/v7e-m+fp/hard/libc_nano.a(lib_a-memset.o)
                0x0000000008005340                memset
 *(.glue_7)
 .glue_7        0x0000000008005350        0x0 linker stubs
 *(.glue_7t)
 .glue_7t       0x0000000008005350        0x0 linker stubs
 *(.eh_frame)
 .eh_frame      0x0000000008005350        0x0 /opt/st/stm32cubeide_1.6.1/plugins/com.st.stm32cube.ide.mcu.externaltools.gnu-tools-for-stm32.9-2020-q2-update.linux64_1.5.0.202011040924/tools/bin/../lib/gcc/arm-none-eabi/9.3.1/thumb/v7e-m+fp/hard/crtbegin.o
 *(.init)
 .init          0x0000000008005350        0x4 /opt/st/stm32cubeide_1.6.1/plugins/com.st.stm32cube.ide.mcu.externaltools.gnu-tools-for-stm32.9-2020-q2-update.linux64_1.5.0.202011040924/tools/bin/../lib/gcc/arm-none-eabi/9.3.1/thumb/v7e-m+fp/hard/crti.o
                0x0000000008005350                _init
 .init          0x0000000008005354        0x8 /opt/st/stm32cubeide_1.6.1/plugins/com.st.stm32cube.ide.mcu.externaltools.gnu-tools-for-stm32.9-2020-q2-update.linux64_1.5.0.202011040924/tools/bin/../lib/gcc/arm-none-eabi/9.3.1/thumb/v7e-m+fp/hard/crtn.o
 *(.fini)
 .fini          0x000000000800535c        0x4 /opt/st/stm32cubeide_1.6.1/plugins/com.st.stm32cube.ide.mcu.externaltools.gnu-tools-for-stm32.9-2020-q2-update.linux64_1.5.0.202011040924/tools/bin/../lib/gcc/arm-none-eabi/9.3.1/thumb/v7e-m+fp/hard/crti.o
                0x000000000800535c                _fini
 .fini          0x0000000008005360        0x8 /opt/st/stm32cubeide_1.6.1/plugins/com.st.stm32cube.ide.mcu.externaltools.gnu-tools-for-stm32.9-2020-q2-update.linux64_1.5.0.202011040924/tools/bin/../lib/gcc/arm-none-eabi/9.3.1/thumb/v7e-m+fp/hard/crtn.o
                0x0000000008005368                . = ALIGN (0x4)
                0x0000000008005368                _etext = .

.vfp11_veneer   0x0000000008005368        0x0
 .vfp11_veneer  0x0000000008005368        0x0 linker stubs

.v4_bx          0x0000000008005368        0x0
 .v4_bx         0x0000000008005368        0x0 linker stubs

.iplt           0x0000000008005368        0x0
 .iplt          0x0000000008005368        0x0 /opt/st/stm32cubeide_1.6.1/plugins/com.st.stm32cube.ide.mcu.externaltools.gnu-tools-for-stm32.9-2020-q2-update.linux64_1.5.0.202011040924/tools/bin/../lib/gcc/arm-none-eabi/9.3.1/thumb/v7e-m+fp/hard/crtbegin.o

.rodata         0x0000000008005368       0x38
                0x0000000008005368                . = ALIGN (0x4)
 *(.rodata)
 *(.rodata*)
 .rodata.AHBPrescTable
                0x0000000008005368       0x10 Core/Src/system_stm32f3xx.o
                0x0000000008005368                AHBPrescTable
 .rodata.APBPrescTable
                0x0000000008005378        0x8 Core/Src/system_stm32f3xx.o
                0x0000000008005378                APBPrescTable
 .rodata.aPLLMULFactorTable
                0x0000000008005380       0x10 Drivers/STM32F3xx_HAL_Driver/Src/stm32f3xx_hal_rcc.o
                0x0000000008005380                aPLLMULFactorTable
 .rodata.aPredivFactorTable
                0x0000000008005390       0x10 Drivers/STM32F3xx_HAL_Driver/Src/stm32f3xx_hal_rcc.o
                0x0000000008005390                aPredivFactorTable
                0x00000000080053a0                . = ALIGN (0x4)

.rel.dyn        0x00000000080053a0        0x0
 .rel.iplt      0x00000000080053a0        0x0 /opt/st/stm32cubeide_1.6.1/plugins/com.st.stm32cube.ide.mcu.externaltools.gnu-tools-for-stm32.9-2020-q2-update.linux64_1.5.0.202011040924/tools/bin/../lib/gcc/arm-none-eabi/9.3.1/thumb/v7e-m+fp/hard/crtbegin.o

.ARM.extab      0x00000000080053a0        0x0
                0x00000000080053a0                . = ALIGN (0x4)
 *(.ARM.extab* .gnu.linkonce.armextab.*)
                0x00000000080053a0                . = ALIGN (0x4)

.ARM            0x00000000080053a0        0x0
                0x00000000080053a0                . = ALIGN (0x4)
                0x00000000080053a0                __exidx_start = .
 *(.ARM.exidx*)
                0x00000000080053a0                __exidx_end = .
                0x00000000080053a0                . = ALIGN (0x4)

.preinit_array  0x00000000080053a0        0x0
                0x00000000080053a0                . = ALIGN (0x4)
                0x00000000080053a0                PROVIDE (__preinit_array_start = .)
 *(.preinit_array*)
                0x00000000080053a0                PROVIDE (__preinit_array_end = .)
                0x00000000080053a0                . = ALIGN (0x4)

.init_array     0x00000000080053a0        0x4
                0x00000000080053a0                . = ALIGN (0x4)
                0x00000000080053a0                PROVIDE (__init_array_start = .)
 *(SORT_BY_NAME(.init_array.*))
 *(.init_array*)
 .init_array    0x00000000080053a0        0x4 /opt/st/stm32cubeide_1.6.1/plugins/com.st.stm32cube.ide.mcu.externaltools.gnu-tools-for-stm32.9-2020-q2-update.linux64_1.5.0.202011040924/tools/bin/../lib/gcc/arm-none-eabi/9.3.1/thumb/v7e-m+fp/hard/crtbegin.o
                0x00000000080053a4                PROVIDE (__init_array_end = .)
                0x00000000080053a4                . = ALIGN (0x4)

.fini_array     0x00000000080053a4        0x4
                0x00000000080053a4                . = ALIGN (0x4)
                [!provide]                        PROVIDE (__fini_array_start = .)
 *(SORT_BY_NAME(.fini_array.*))
 *(.fini_array*)
 .fini_array    0x00000000080053a4        0x4 /opt/st/stm32cubeide_1.6.1/plugins/com.st.stm32cube.ide.mcu.externaltools.gnu-tools-for-stm32.9-2020-q2-update.linux64_1.5.0.202011040924/tools/bin/../lib/gcc/arm-none-eabi/9.3.1/thumb/v7e-m+fp/hard/crtbegin.o
                [!provide]                        PROVIDE (__fini_array_end = .)
                0x00000000080053a8                . = ALIGN (0x4)
                0x00000000080053a8                _sidata = LOADADDR (.data)

.data           0x0000000020000000        0xc load address 0x00000000080053a8
                0x0000000020000000                . = ALIGN (0x4)
                0x0000000020000000                _sdata = .
 *(.data)
 *(.data*)
 .data.SystemCoreClock
                0x0000000020000000        0x4 Core/Src/system_stm32f3xx.o
                0x0000000020000000                SystemCoreClock
 .data.uwTickPrio
                0x0000000020000004        0x4 Drivers/STM32F3xx_HAL_Driver/Src/stm32f3xx_hal.o
                0x0000000020000004                uwTickPrio
 .data.uwTickFreq
                0x0000000020000008        0x1 Drivers/STM32F3xx_HAL_Driver/Src/stm32f3xx_hal.o
                0x0000000020000008                uwTickFreq
 *(.RamFunc)
 *(.RamFunc*)
                0x000000002000000c                . = ALIGN (0x4)
 *fill*         0x0000000020000009        0x3 
                0x000000002000000c                _edata = .

.igot.plt       0x000000002000000c        0x0 load address 0x00000000080053b4
 .igot.plt      0x000000002000000c        0x0 /opt/st/stm32cubeide_1.6.1/plugins/com.st.stm32cube.ide.mcu.externaltools.gnu-tools-for-stm32.9-2020-q2-update.linux64_1.5.0.202011040924/tools/bin/../lib/gcc/arm-none-eabi/9.3.1/thumb/v7e-m+fp/hard/crtbegin.o
                0x000000002000000c                . = ALIGN (0x4)

.bss            0x000000002000000c      0x498 load address 0x00000000080053b4
                0x000000002000000c                _sbss = .
                0x000000002000000c                __bss_start__ = _sbss
 *(.bss)
 .bss           0x000000002000000c       0x1c /opt/st/stm32cubeide_1.6.1/plugins/com.st.stm32cube.ide.mcu.externaltools.gnu-tools-for-stm32.9-2020-q2-update.linux64_1.5.0.202011040924/tools/bin/../lib/gcc/arm-none-eabi/9.3.1/thumb/v7e-m+fp/hard/crtbegin.o
 *(.bss*)
 .bss.adcData   0x0000000020000028        0x4 Core/Src/main.o
                0x0000000020000028                adcData
 .bss.uartRxData
                0x000000002000002c        0x1 Core/Src/main.o
                0x000000002000002c                uartRxData
 *(COMMON)
 *fill*         0x000000002000002d        0x3 
 COMMON         0x0000000020000030      0x470 Core/Src/main.o
                0x0000000020000030                hi2c1
                0x000000002000007c                hadc1
                0x00000000200000cc                huart4
                0x0000000020000150                hspi1
                0x00000000200001b4                hpcd_USB_FS
 COMMON         0x00000000200004a0        0x4 Drivers/STM32F3xx_HAL_Driver/Src/stm32f3xx_hal.o
                0x00000000200004a0                uwTick
                0x00000000200004a4                . = ALIGN (0x4)
                0x00000000200004a4                _ebss = .
                0x00000000200004a4                __bss_end__ = _ebss

._user_heap_stack
                0x00000000200004a4      0x604 load address 0x00000000080053b4
                0x00000000200004a8                . = ALIGN (0x8)
 *fill*         0x00000000200004a4        0x4 
                [!provide]                        PROVIDE (end = .)
                0x00000000200004a8                PROVIDE (_end = .)
                0x00000000200006a8                . = (. + _Min_Heap_Size)
 *fill*         0x00000000200004a8      0x200 
                0x0000000020000aa8                . = (. + _Min_Stack_Size)
 *fill*         0x00000000200006a8      0x400 
                0x0000000020000aa8                . = ALIGN (0x8)

/DISCARD/
 libc.a(*)
 libm.a(*)
 libgcc.a(*)

.ARM.attributes
                0x0000000000000000       0x30
 *(.ARM.attributes)
 .ARM.attributes
                0x0000000000000000       0x1e /opt/st/stm32cubeide_1.6.1/plugins/com.st.stm32cube.ide.mcu.externaltools.gnu-tools-for-stm32.9-2020-q2-update.linux64_1.5.0.202011040924/tools/bin/../lib/gcc/arm-none-eabi/9.3.1/thumb/v7e-m+fp/hard/crti.o
 .ARM.attributes
                0x000000000000001e       0x34 /opt/st/stm32cubeide_1.6.1/plugins/com.st.stm32cube.ide.mcu.externaltools.gnu-tools-for-stm32.9-2020-q2-update.linux64_1.5.0.202011040924/tools/bin/../lib/gcc/arm-none-eabi/9.3.1/thumb/v7e-m+fp/hard/crtbegin.o
 .ARM.attributes
                0x0000000000000052       0x34 Core/Src/main.o
 .ARM.attributes
                0x0000000000000086       0x34 Core/Src/stm32f3xx_hal_msp.o
 .ARM.attributes
                0x00000000000000ba       0x34 Core/Src/stm32f3xx_it.o
 .ARM.attributes
                0x00000000000000ee       0x34 Core/Src/system_stm32f3xx.o
 .ARM.attributes
                0x0000000000000122       0x21 Core/Startup/startup_stm32f303vctx.o
 .ARM.attributes
                0x0000000000000143       0x34 Drivers/STM32F3xx_HAL_Driver/Src/stm32f3xx_hal.o
 .ARM.attributes
                0x0000000000000177       0x34 Drivers/STM32F3xx_HAL_Driver/Src/stm32f3xx_hal_adc.o
 .ARM.attributes
                0x00000000000001ab       0x34 Drivers/STM32F3xx_HAL_Driver/Src/stm32f3xx_hal_adc_ex.o
 .ARM.attributes
                0x00000000000001df       0x34 Drivers/STM32F3xx_HAL_Driver/Src/stm32f3xx_hal_cortex.o
 .ARM.attributes
                0x0000000000000213       0x34 Drivers/STM32F3xx_HAL_Driver/Src/stm32f3xx_hal_dma.o
 .ARM.attributes
                0x0000000000000247       0x34 Drivers/STM32F3xx_HAL_Driver/Src/stm32f3xx_hal_gpio.o
 .ARM.attributes
                0x000000000000027b       0x34 Drivers/STM32F3xx_HAL_Driver/Src/stm32f3xx_hal_i2c.o
 .ARM.attributes
                0x00000000000002af       0x34 Drivers/STM32F3xx_HAL_Driver/Src/stm32f3xx_hal_i2c_ex.o
 .ARM.attributes
                0x00000000000002e3       0x34 Drivers/STM32F3xx_HAL_Driver/Src/stm32f3xx_hal_pcd.o
 .ARM.attributes
                0x0000000000000317       0x34 Drivers/STM32F3xx_HAL_Driver/Src/stm32f3xx_hal_rcc.o
 .ARM.attributes
                0x000000000000034b       0x34 Drivers/STM32F3xx_HAL_Driver/Src/stm32f3xx_hal_rcc_ex.o
 .ARM.attributes
                0x000000000000037f       0x34 Drivers/STM32F3xx_HAL_Driver/Src/stm32f3xx_hal_spi.o
 .ARM.attributes
                0x00000000000003b3       0x34 Drivers/STM32F3xx_HAL_Driver/Src/stm32f3xx_hal_uart.o
 .ARM.attributes
                0x00000000000003e7       0x34 Drivers/STM32F3xx_HAL_Driver/Src/stm32f3xx_hal_uart_ex.o
 .ARM.attributes
                0x000000000000041b       0x34 Drivers/STM32F3xx_HAL_Driver/Src/stm32f3xx_ll_usb.o
 .ARM.attributes
                0x000000000000044f       0x34 /opt/st/stm32cubeide_1.6.1/plugins/com.st.stm32cube.ide.mcu.externaltools.gnu-tools-for-stm32.9-2020-q2-update.linux64_1.5.0.202011040924/tools/bin/../lib/gcc/arm-none-eabi/9.3.1/../../../../arm-none-eabi/lib/thumb/v7e-m+fp/hard/libc_nano.a(lib_a-init.o)
 .ARM.attributes
                0x0000000000000483       0x34 /opt/st/stm32cubeide_1.6.1/plugins/com.st.stm32cube.ide.mcu.externaltools.gnu-tools-for-stm32.9-2020-q2-update.linux64_1.5.0.202011040924/tools/bin/../lib/gcc/arm-none-eabi/9.3.1/../../../../arm-none-eabi/lib/thumb/v7e-m+fp/hard/libc_nano.a(lib_a-memset.o)
 .ARM.attributes
                0x00000000000004b7       0x1e /opt/st/stm32cubeide_1.6.1/plugins/com.st.stm32cube.ide.mcu.externaltools.gnu-tools-for-stm32.9-2020-q2-update.linux64_1.5.0.202011040924/tools/bin/../lib/gcc/arm-none-eabi/9.3.1/thumb/v7e-m+fp/hard/crtn.o
OUTPUT(AutomaticIrrigation-STM32F3Disco.elf elf32-littlearm)
LOAD linker stubs
LOAD /opt/st/stm32cubeide_1.6.1/plugins/com.st.stm32cube.ide.mcu.externaltools.gnu-tools-for-stm32.9-2020-q2-update.linux64_1.5.0.202011040924/tools/bin/../lib/gcc/arm-none-eabi/9.3.1/../../../../arm-none-eabi/lib/thumb/v7e-m+fp/hard/libc.a
LOAD /opt/st/stm32cubeide_1.6.1/plugins/com.st.stm32cube.ide.mcu.externaltools.gnu-tools-for-stm32.9-2020-q2-update.linux64_1.5.0.202011040924/tools/bin/../lib/gcc/arm-none-eabi/9.3.1/../../../../arm-none-eabi/lib/thumb/v7e-m+fp/hard/libm.a
LOAD /opt/st/stm32cubeide_1.6.1/plugins/com.st.stm32cube.ide.mcu.externaltools.gnu-tools-for-stm32.9-2020-q2-update.linux64_1.5.0.202011040924/tools/bin/../lib/gcc/arm-none-eabi/9.3.1/thumb/v7e-m+fp/hard/libgcc.a

.debug_info     0x0000000000000000    0x13e5d
 .debug_info    0x0000000000000000     0x1c25 Core/Src/main.o
 .debug_info    0x0000000000001c25     0x1bd3 Core/Src/stm32f3xx_hal_msp.o
 .debug_info    0x00000000000037f8      0xb90 Core/Src/stm32f3xx_it.o
 .debug_info    0x0000000000004388      0x49a Core/Src/system_stm32f3xx.o
 .debug_info    0x0000000000004822       0x22 Core/Startup/startup_stm32f303vctx.o
 .debug_info    0x0000000000004844      0x83d Drivers/STM32F3xx_HAL_Driver/Src/stm32f3xx_hal.o
 .debug_info    0x0000000000005081      0xc8d Drivers/STM32F3xx_HAL_Driver/Src/stm32f3xx_hal_adc.o
 .debug_info    0x0000000000005d0e     0x16c7 Drivers/STM32F3xx_HAL_Driver/Src/stm32f3xx_hal_adc_ex.o
 .debug_info    0x00000000000073d5      0xe44 Drivers/STM32F3xx_HAL_Driver/Src/stm32f3xx_hal_cortex.o
 .debug_info    0x0000000000008219      0x839 Drivers/STM32F3xx_HAL_Driver/Src/stm32f3xx_hal_dma.o
 .debug_info    0x0000000000008a52      0x779 Drivers/STM32F3xx_HAL_Driver/Src/stm32f3xx_hal_gpio.o
 .debug_info    0x00000000000091cb     0x21c4 Drivers/STM32F3xx_HAL_Driver/Src/stm32f3xx_hal_i2c.o
 .debug_info    0x000000000000b38f      0x968 Drivers/STM32F3xx_HAL_Driver/Src/stm32f3xx_hal_i2c_ex.o
 .debug_info    0x000000000000bcf7     0x1353 Drivers/STM32F3xx_HAL_Driver/Src/stm32f3xx_hal_pcd.o
 .debug_info    0x000000000000d04a     0x15b5 Drivers/STM32F3xx_HAL_Driver/Src/stm32f3xx_hal_rcc.o
 .debug_info    0x000000000000e5ff      0x6b4 Drivers/STM32F3xx_HAL_Driver/Src/stm32f3xx_hal_rcc_ex.o
 .debug_info    0x000000000000ecb3     0x17cb Drivers/STM32F3xx_HAL_Driver/Src/stm32f3xx_hal_spi.o
 .debug_info    0x000000000001047e     0x17f6 Drivers/STM32F3xx_HAL_Driver/Src/stm32f3xx_hal_uart.o
 .debug_info    0x0000000000011c74      0xab6 Drivers/STM32F3xx_HAL_Driver/Src/stm32f3xx_hal_uart_ex.o
 .debug_info    0x000000000001272a     0x1733 Drivers/STM32F3xx_HAL_Driver/Src/stm32f3xx_ll_usb.o

.debug_abbrev   0x0000000000000000     0x29a3
 .debug_abbrev  0x0000000000000000      0x29f Core/Src/main.o
 .debug_abbrev  0x000000000000029f      0x21e Core/Src/stm32f3xx_hal_msp.o
 .debug_abbrev  0x00000000000004bd      0x174 Core/Src/stm32f3xx_it.o
 .debug_abbrev  0x0000000000000631      0x145 Core/Src/system_stm32f3xx.o
 .debug_abbrev  0x0000000000000776       0x12 Core/Startup/startup_stm32f303vctx.o
 .debug_abbrev  0x0000000000000788      0x1ed Drivers/STM32F3xx_HAL_Driver/Src/stm32f3xx_hal.o
 .debug_abbrev  0x0000000000000975      0x1a7 Drivers/STM32F3xx_HAL_Driver/Src/stm32f3xx_hal_adc.o
 .debug_abbrev  0x0000000000000b1c      0x253 Drivers/STM32F3xx_HAL_Driver/Src/stm32f3xx_hal_adc_ex.o
 .debug_abbrev  0x0000000000000d6f      0x33c Drivers/STM32F3xx_HAL_Driver/Src/stm32f3xx_hal_cortex.o
 .debug_abbrev  0x00000000000010ab      0x228 Drivers/STM32F3xx_HAL_Driver/Src/stm32f3xx_hal_dma.o
 .debug_abbrev  0x00000000000012d3      0x1e8 Drivers/STM32F3xx_HAL_Driver/Src/stm32f3xx_hal_gpio.o
 .debug_abbrev  0x00000000000014bb      0x256 Drivers/STM32F3xx_HAL_Driver/Src/stm32f3xx_hal_i2c.o
 .debug_abbrev  0x0000000000001711      0x1dd Drivers/STM32F3xx_HAL_Driver/Src/stm32f3xx_hal_i2c_ex.o
 .debug_abbrev  0x00000000000018ee      0x2ba Drivers/STM32F3xx_HAL_Driver/Src/stm32f3xx_hal_pcd.o
 .debug_abbrev  0x0000000000001ba8      0x2c4 Drivers/STM32F3xx_HAL_Driver/Src/stm32f3xx_hal_rcc.o
 .debug_abbrev  0x0000000000001e6c      0x23e Drivers/STM32F3xx_HAL_Driver/Src/stm32f3xx_hal_rcc_ex.o
 .debug_abbrev  0x00000000000020aa      0x254 Drivers/STM32F3xx_HAL_Driver/Src/stm32f3xx_hal_spi.o
 .debug_abbrev  0x00000000000022fe      0x23f Drivers/STM32F3xx_HAL_Driver/Src/stm32f3xx_hal_uart.o
 .debug_abbrev  0x000000000000253d      0x20a Drivers/STM32F3xx_HAL_Driver/Src/stm32f3xx_hal_uart_ex.o
 .debug_abbrev  0x0000000000002747      0x25c Drivers/STM32F3xx_HAL_Driver/Src/stm32f3xx_ll_usb.o

.debug_aranges  0x0000000000000000     0x1090
 .debug_aranges
                0x0000000000000000       0x70 Core/Src/main.o
 .debug_aranges
                0x0000000000000070       0x70 Core/Src/stm32f3xx_hal_msp.o
 .debug_aranges
                0x00000000000000e0       0x70 Core/Src/stm32f3xx_it.o
 .debug_aranges
                0x0000000000000150       0x28 Core/Src/system_stm32f3xx.o
 .debug_aranges
                0x0000000000000178       0x28 Core/Startup/startup_stm32f303vctx.o
 .debug_aranges
                0x00000000000001a0       0xe0 Drivers/STM32F3xx_HAL_Driver/Src/stm32f3xx_hal.o
 .debug_aranges
                0x0000000000000280       0xc8 Drivers/STM32F3xx_HAL_Driver/Src/stm32f3xx_hal_adc.o
 .debug_aranges
                0x0000000000000348      0x168 Drivers/STM32F3xx_HAL_Driver/Src/stm32f3xx_hal_adc_ex.o
 .debug_aranges
                0x00000000000004b0      0x118 Drivers/STM32F3xx_HAL_Driver/Src/stm32f3xx_hal_cortex.o
 .debug_aranges
                0x00000000000005c8       0x88 Drivers/STM32F3xx_HAL_Driver/Src/stm32f3xx_hal_dma.o
 .debug_aranges
                0x0000000000000650       0x58 Drivers/STM32F3xx_HAL_Driver/Src/stm32f3xx_hal_gpio.o
 .debug_aranges
                0x00000000000006a8      0x290 Drivers/STM32F3xx_HAL_Driver/Src/stm32f3xx_hal_i2c.o
 .debug_aranges
                0x0000000000000938       0x48 Drivers/STM32F3xx_HAL_Driver/Src/stm32f3xx_hal_i2c_ex.o
 .debug_aranges
                0x0000000000000980      0x138 Drivers/STM32F3xx_HAL_Driver/Src/stm32f3xx_hal_pcd.o
 .debug_aranges
                0x0000000000000ab8       0x88 Drivers/STM32F3xx_HAL_Driver/Src/stm32f3xx_hal_rcc.o
 .debug_aranges
                0x0000000000000b40       0x38 Drivers/STM32F3xx_HAL_Driver/Src/stm32f3xx_hal_rcc_ex.o
 .debug_aranges
                0x0000000000000b78      0x1d8 Drivers/STM32F3xx_HAL_Driver/Src/stm32f3xx_hal_spi.o
 .debug_aranges
                0x0000000000000d50      0x228 Drivers/STM32F3xx_HAL_Driver/Src/stm32f3xx_hal_uart.o
 .debug_aranges
                0x0000000000000f78       0x68 Drivers/STM32F3xx_HAL_Driver/Src/stm32f3xx_hal_uart_ex.o
 .debug_aranges
                0x0000000000000fe0       0xb0 Drivers/STM32F3xx_HAL_Driver/Src/stm32f3xx_ll_usb.o

.debug_ranges   0x0000000000000000      0xf88
 .debug_ranges  0x0000000000000000       0x60 Core/Src/main.o
 .debug_ranges  0x0000000000000060       0x60 Core/Src/stm32f3xx_hal_msp.o
 .debug_ranges  0x00000000000000c0       0x60 Core/Src/stm32f3xx_it.o
 .debug_ranges  0x0000000000000120       0x18 Core/Src/system_stm32f3xx.o
 .debug_ranges  0x0000000000000138       0x20 Core/Startup/startup_stm32f303vctx.o
 .debug_ranges  0x0000000000000158       0xd0 Drivers/STM32F3xx_HAL_Driver/Src/stm32f3xx_hal.o
 .debug_ranges  0x0000000000000228       0xb8 Drivers/STM32F3xx_HAL_Driver/Src/stm32f3xx_hal_adc.o
 .debug_ranges  0x00000000000002e0      0x158 Drivers/STM32F3xx_HAL_Driver/Src/stm32f3xx_hal_adc_ex.o
 .debug_ranges  0x0000000000000438      0x108 Drivers/STM32F3xx_HAL_Driver/Src/stm32f3xx_hal_cortex.o
 .debug_ranges  0x0000000000000540       0x78 Drivers/STM32F3xx_HAL_Driver/Src/stm32f3xx_hal_dma.o
 .debug_ranges  0x00000000000005b8       0x48 Drivers/STM32F3xx_HAL_Driver/Src/stm32f3xx_hal_gpio.o
 .debug_ranges  0x0000000000000600      0x280 Drivers/STM32F3xx_HAL_Driver/Src/stm32f3xx_hal_i2c.o
 .debug_ranges  0x0000000000000880       0x38 Drivers/STM32F3xx_HAL_Driver/Src/stm32f3xx_hal_i2c_ex.o
 .debug_ranges  0x00000000000008b8      0x128 Drivers/STM32F3xx_HAL_Driver/Src/stm32f3xx_hal_pcd.o
 .debug_ranges  0x00000000000009e0       0x78 Drivers/STM32F3xx_HAL_Driver/Src/stm32f3xx_hal_rcc.o
 .debug_ranges  0x0000000000000a58       0x28 Drivers/STM32F3xx_HAL_Driver/Src/stm32f3xx_hal_rcc_ex.o
 .debug_ranges  0x0000000000000a80      0x1c8 Drivers/STM32F3xx_HAL_Driver/Src/stm32f3xx_hal_spi.o
 .debug_ranges  0x0000000000000c48      0x248 Drivers/STM32F3xx_HAL_Driver/Src/stm32f3xx_hal_uart.o
 .debug_ranges  0x0000000000000e90       0x58 Drivers/STM32F3xx_HAL_Driver/Src/stm32f3xx_hal_uart_ex.o
 .debug_ranges  0x0000000000000ee8       0xa0 Drivers/STM32F3xx_HAL_Driver/Src/stm32f3xx_ll_usb.o

.debug_macro    0x0000000000000000    0x1e858
 .debug_macro   0x0000000000000000      0x224 Core/Src/main.o
 .debug_macro   0x0000000000000224      0xaa8 Core/Src/main.o
 .debug_macro   0x0000000000000ccc      0x163 Core/Src/main.o
 .debug_macro   0x0000000000000e2f       0x2e Core/Src/main.o
 .debug_macro   0x0000000000000e5d       0x28 Core/Src/main.o
 .debug_macro   0x0000000000000e85       0x22 Core/Src/main.o
 .debug_macro   0x0000000000000ea7       0x8e Core/Src/main.o
 .debug_macro   0x0000000000000f35       0x51 Core/Src/main.o
 .debug_macro   0x0000000000000f86      0x103 Core/Src/main.o
 .debug_macro   0x0000000000001089       0x6a Core/Src/main.o
 .debug_macro   0x00000000000010f3      0x1df Core/Src/main.o
 .debug_macro   0x00000000000012d2       0x1c Core/Src/main.o
 .debug_macro   0x00000000000012ee       0x22 Core/Src/main.o
 .debug_macro   0x0000000000001310       0xdf Core/Src/main.o
 .debug_macro   0x00000000000013ef     0x102d Core/Src/main.o
 .debug_macro   0x000000000000241c      0x11f Core/Src/main.o
 .debug_macro   0x000000000000253b    0x12a33 Core/Src/main.o
 .debug_macro   0x0000000000014f6e       0x43 Core/Src/main.o
 .debug_macro   0x0000000000014fb1     0x35e9 Core/Src/main.o
 .debug_macro   0x000000000001859a      0x174 Core/Src/main.o
 .debug_macro   0x000000000001870e       0x55 Core/Src/main.o
 .debug_macro   0x0000000000018763      0x962 Core/Src/main.o
 .debug_macro   0x00000000000190c5      0x5fe Core/Src/main.o
 .debug_macro   0x00000000000196c3      0x12f Core/Src/main.o
 .debug_macro   0x00000000000197f2      0x1fb Core/Src/main.o
 .debug_macro   0x00000000000199ed      0x1dc Core/Src/main.o
 .debug_macro   0x0000000000019bc9      0x1bc Core/Src/main.o
 .debug_macro   0x0000000000019d85       0x30 Core/Src/main.o
 .debug_macro   0x0000000000019db5       0x3c Core/Src/main.o
 .debug_macro   0x0000000000019df1      0x236 Core/Src/main.o
 .debug_macro   0x000000000001a027      0x9b1 Core/Src/main.o
 .debug_macro   0x000000000001a9d8       0x77 Core/Src/main.o
 .debug_macro   0x000000000001aa4f       0xc5 Core/Src/main.o
 .debug_macro   0x000000000001ab14      0x21d Core/Src/main.o
 .debug_macro   0x000000000001ad31      0x22c Core/Src/main.o
 .debug_macro   0x000000000001af5d       0x5b Core/Src/main.o
 .debug_macro   0x000000000001afb8       0xa5 Core/Src/main.o
 .debug_macro   0x000000000001b05d       0x65 Core/Src/main.o
 .debug_macro   0x000000000001b0c2      0x249 Core/Src/main.o
 .debug_macro   0x000000000001b30b       0x81 Core/Src/main.o
 .debug_macro   0x000000000001b38c       0xd3 Core/Src/main.o
 .debug_macro   0x000000000001b45f      0x2fe Core/Src/main.o
 .debug_macro   0x000000000001b75d      0x5a5 Core/Src/main.o
 .debug_macro   0x000000000001bd02       0x3e Core/Src/main.o
 .debug_macro   0x000000000001bd40      0x275 Core/Src/main.o
 .debug_macro   0x000000000001bfb5      0x160 Core/Src/main.o
 .debug_macro   0x000000000001c115      0x224 Core/Src/stm32f3xx_hal_msp.o
 .debug_macro   0x000000000001c339      0x22e Core/Src/stm32f3xx_it.o
 .debug_macro   0x000000000001c567      0x215 Core/Src/system_stm32f3xx.o
 .debug_macro   0x000000000001c77c      0x239 Drivers/STM32F3xx_HAL_Driver/Src/stm32f3xx_hal.o
 .debug_macro   0x000000000001c9b5      0x216 Drivers/STM32F3xx_HAL_Driver/Src/stm32f3xx_hal_adc.o
 .debug_macro   0x000000000001cbcb      0x23f Drivers/STM32F3xx_HAL_Driver/Src/stm32f3xx_hal_adc_ex.o
 .debug_macro   0x000000000001ce0a      0x215 Drivers/STM32F3xx_HAL_Driver/Src/stm32f3xx_hal_cortex.o
 .debug_macro   0x000000000001d01f      0x215 Drivers/STM32F3xx_HAL_Driver/Src/stm32f3xx_hal_dma.o
 .debug_macro   0x000000000001d234      0x24d Drivers/STM32F3xx_HAL_Driver/Src/stm32f3xx_hal_gpio.o
 .debug_macro   0x000000000001d481      0x2da Drivers/STM32F3xx_HAL_Driver/Src/stm32f3xx_hal_i2c.o
 .debug_macro   0x000000000001d75b      0x215 Drivers/STM32F3xx_HAL_Driver/Src/stm32f3xx_hal_i2c_ex.o
 .debug_macro   0x000000000001d970      0x221 Drivers/STM32F3xx_HAL_Driver/Src/stm32f3xx_hal_pcd.o
 .debug_macro   0x000000000001db91      0x239 Drivers/STM32F3xx_HAL_Driver/Src/stm32f3xx_hal_rcc.o
 .debug_macro   0x000000000001ddca      0x215 Drivers/STM32F3xx_HAL_Driver/Src/stm32f3xx_hal_rcc_ex.o
 .debug_macro   0x000000000001dfdf      0x21d Drivers/STM32F3xx_HAL_Driver/Src/stm32f3xx_hal_spi.o
 .debug_macro   0x000000000001e1fc      0x232 Drivers/STM32F3xx_HAL_Driver/Src/stm32f3xx_hal_uart.o
 .debug_macro   0x000000000001e42e      0x215 Drivers/STM32F3xx_HAL_Driver/Src/stm32f3xx_hal_uart_ex.o
 .debug_macro   0x000000000001e643      0x215 Drivers/STM32F3xx_HAL_Driver/Src/stm32f3xx_ll_usb.o

.debug_line     0x0000000000000000    0x14913
 .debug_line    0x0000000000000000      0x9d4 Core/Src/main.o
 .debug_line    0x00000000000009d4      0x8c9 Core/Src/stm32f3xx_hal_msp.o
 .debug_line    0x000000000000129d      0x838 Core/Src/stm32f3xx_it.o
 .debug_line    0x0000000000001ad5      0x7bc Core/Src/system_stm32f3xx.o
 .debug_line    0x0000000000002291       0x88 Core/Startup/startup_stm32f303vctx.o
 .debug_line    0x0000000000002319      0x9f1 Drivers/STM32F3xx_HAL_Driver/Src/stm32f3xx_hal.o
 .debug_line    0x0000000000002d0a      0x935 Drivers/STM32F3xx_HAL_Driver/Src/stm32f3xx_hal_adc.o
 .debug_line    0x000000000000363f     0x2715 Drivers/STM32F3xx_HAL_Driver/Src/stm32f3xx_hal_adc_ex.o
 .debug_line    0x0000000000005d54      0xcb6 Drivers/STM32F3xx_HAL_Driver/Src/stm32f3xx_hal_cortex.o
 .debug_line    0x0000000000006a0a      0xd03 Drivers/STM32F3xx_HAL_Driver/Src/stm32f3xx_hal_dma.o
 .debug_line    0x000000000000770d      0xb5c Drivers/STM32F3xx_HAL_Driver/Src/stm32f3xx_hal_gpio.o
 .debug_line    0x0000000000008269     0x3306 Drivers/STM32F3xx_HAL_Driver/Src/stm32f3xx_hal_i2c.o
 .debug_line    0x000000000000b56f      0x963 Drivers/STM32F3xx_HAL_Driver/Src/stm32f3xx_hal_i2c_ex.o
 .debug_line    0x000000000000bed2     0x1288 Drivers/STM32F3xx_HAL_Driver/Src/stm32f3xx_hal_pcd.o
 .debug_line    0x000000000000d15a     0x13cb Drivers/STM32F3xx_HAL_Driver/Src/stm32f3xx_hal_rcc.o
 .debug_line    0x000000000000e525      0xd5b Drivers/STM32F3xx_HAL_Driver/Src/stm32f3xx_hal_rcc_ex.o
 .debug_line    0x000000000000f280     0x1f9b Drivers/STM32F3xx_HAL_Driver/Src/stm32f3xx_hal_spi.o
 .debug_line    0x000000000001121b     0x1cca Drivers/STM32F3xx_HAL_Driver/Src/stm32f3xx_hal_uart.o
 .debug_line    0x0000000000012ee5      0xaa4 Drivers/STM32F3xx_HAL_Driver/Src/stm32f3xx_hal_uart_ex.o
 .debug_line    0x0000000000013989      0xf8a Drivers/STM32F3xx_HAL_Driver/Src/stm32f3xx_ll_usb.o

.debug_str      0x0000000000000000    0xb8adb
 .debug_str     0x0000000000000000    0xb4a5c Core/Src/main.o
                                      0xb5289 (size before relaxing)
 .debug_str     0x00000000000b4a5c      0x40b Core/Src/stm32f3xx_hal_msp.o
                                      0xb5391 (size before relaxing)
 .debug_str     0x00000000000b4e67       0xce Core/Src/stm32f3xx_it.o
                                      0xb47a3 (size before relaxing)
 .debug_str     0x00000000000b4f35       0xb3 Core/Src/system_stm32f3xx.o
                                      0xb3c53 (size before relaxing)
 .debug_str     0x00000000000b4fe8       0x36 Core/Startup/startup_stm32f303vctx.o
                                         0x86 (size before relaxing)
 .debug_str     0x00000000000b501e      0x2fb Drivers/STM32F3xx_HAL_Driver/Src/stm32f3xx_hal.o
                                      0xb43ef (size before relaxing)
 .debug_str     0x00000000000b5319      0x20b Drivers/STM32F3xx_HAL_Driver/Src/stm32f3xx_hal_adc.o
                                      0xb427e (size before relaxing)
 .debug_str     0x00000000000b5524      0x6bf Drivers/STM32F3xx_HAL_Driver/Src/stm32f3xx_hal_adc_ex.o
                                      0xb48ab (size before relaxing)
 .debug_str     0x00000000000b5be3      0x38c Drivers/STM32F3xx_HAL_Driver/Src/stm32f3xx_hal_cortex.o
                                      0xb44fd (size before relaxing)
 .debug_str     0x00000000000b5f6f      0x248 Drivers/STM32F3xx_HAL_Driver/Src/stm32f3xx_hal_dma.o
                                      0xb3fcd (size before relaxing)
 .debug_str     0x00000000000b61b7      0x224 Drivers/STM32F3xx_HAL_Driver/Src/stm32f3xx_hal_gpio.o
                                      0xb3eb9 (size before relaxing)
 .debug_str     0x00000000000b63db      0xdaf Drivers/STM32F3xx_HAL_Driver/Src/stm32f3xx_hal_i2c.o
                                      0xb4ea7 (size before relaxing)
 .debug_str     0x00000000000b718a       0xb8 Drivers/STM32F3xx_HAL_Driver/Src/stm32f3xx_hal_i2c_ex.o
                                      0xb418a (size before relaxing)
 .debug_str     0x00000000000b7242      0x3a5 Drivers/STM32F3xx_HAL_Driver/Src/stm32f3xx_hal_pcd.o
                                      0xb4331 (size before relaxing)
 .debug_str     0x00000000000b75e7      0x2ec Drivers/STM32F3xx_HAL_Driver/Src/stm32f3xx_hal_rcc.o
                                      0xb40c1 (size before relaxing)
 .debug_str     0x00000000000b78d3       0xd8 Drivers/STM32F3xx_HAL_Driver/Src/stm32f3xx_hal_rcc_ex.o
                                      0xb3e85 (size before relaxing)
 .debug_str     0x00000000000b79ab      0x571 Drivers/STM32F3xx_HAL_Driver/Src/stm32f3xx_hal_spi.o
                                      0xb4548 (size before relaxing)
 .debug_str     0x00000000000b7f1c      0x832 Drivers/STM32F3xx_HAL_Driver/Src/stm32f3xx_hal_uart.o
                                      0xb48ae (size before relaxing)
 .debug_str     0x00000000000b874e      0x19e Drivers/STM32F3xx_HAL_Driver/Src/stm32f3xx_hal_uart_ex.o
                                      0xb4197 (size before relaxing)
 .debug_str     0x00000000000b88ec      0x1ef Drivers/STM32F3xx_HAL_Driver/Src/stm32f3xx_ll_usb.o
                                      0xb3fe5 (size before relaxing)

.comment        0x0000000000000000       0x53
 .comment       0x0000000000000000       0x53 Core/Src/main.o
                                         0x54 (size before relaxing)
 .comment       0x0000000000000053       0x54 Core/Src/stm32f3xx_hal_msp.o
 .comment       0x0000000000000053       0x54 Core/Src/stm32f3xx_it.o
 .comment       0x0000000000000053       0x54 Core/Src/system_stm32f3xx.o
 .comment       0x0000000000000053       0x54 Drivers/STM32F3xx_HAL_Driver/Src/stm32f3xx_hal.o
 .comment       0x0000000000000053       0x54 Drivers/STM32F3xx_HAL_Driver/Src/stm32f3xx_hal_adc.o
 .comment       0x0000000000000053       0x54 Drivers/STM32F3xx_HAL_Driver/Src/stm32f3xx_hal_adc_ex.o
 .comment       0x0000000000000053       0x54 Drivers/STM32F3xx_HAL_Driver/Src/stm32f3xx_hal_cortex.o
 .comment       0x0000000000000053       0x54 Drivers/STM32F3xx_HAL_Driver/Src/stm32f3xx_hal_dma.o
 .comment       0x0000000000000053       0x54 Drivers/STM32F3xx_HAL_Driver/Src/stm32f3xx_hal_gpio.o
 .comment       0x0000000000000053       0x54 Drivers/STM32F3xx_HAL_Driver/Src/stm32f3xx_hal_i2c.o
 .comment       0x0000000000000053       0x54 Drivers/STM32F3xx_HAL_Driver/Src/stm32f3xx_hal_i2c_ex.o
 .comment       0x0000000000000053       0x54 Drivers/STM32F3xx_HAL_Driver/Src/stm32f3xx_hal_pcd.o
 .comment       0x0000000000000053       0x54 Drivers/STM32F3xx_HAL_Driver/Src/stm32f3xx_hal_rcc.o
 .comment       0x0000000000000053       0x54 Drivers/STM32F3xx_HAL_Driver/Src/stm32f3xx_hal_rcc_ex.o
 .comment       0x0000000000000053       0x54 Drivers/STM32F3xx_HAL_Driver/Src/stm32f3xx_hal_spi.o
 .comment       0x0000000000000053       0x54 Drivers/STM32F3xx_HAL_Driver/Src/stm32f3xx_hal_uart.o
 .comment       0x0000000000000053       0x54 Drivers/STM32F3xx_HAL_Driver/Src/stm32f3xx_hal_uart_ex.o
 .comment       0x0000000000000053       0x54 Drivers/STM32F3xx_HAL_Driver/Src/stm32f3xx_ll_usb.o

.debug_frame    0x0000000000000000     0x45ec
 .debug_frame   0x0000000000000000      0x16c Core/Src/main.o
 .debug_frame   0x000000000000016c      0x19c Core/Src/stm32f3xx_hal_msp.o
 .debug_frame   0x0000000000000308      0x13c Core/Src/stm32f3xx_it.o
 .debug_frame   0x0000000000000444       0x58 Core/Src/system_stm32f3xx.o
 .debug_frame   0x000000000000049c      0x334 Drivers/STM32F3xx_HAL_Driver/Src/stm32f3xx_hal.o
 .debug_frame   0x00000000000007d0      0x380 Drivers/STM32F3xx_HAL_Driver/Src/stm32f3xx_hal_adc.o
 .debug_frame   0x0000000000000b50      0x644 Drivers/STM32F3xx_HAL_Driver/Src/stm32f3xx_hal_adc_ex.o
 .debug_frame   0x0000000000001194      0x498 Drivers/STM32F3xx_HAL_Driver/Src/stm32f3xx_hal_cortex.o
 .debug_frame   0x000000000000162c      0x224 Drivers/STM32F3xx_HAL_Driver/Src/stm32f3xx_hal_dma.o
 .debug_frame   0x0000000000001850      0x14c Drivers/STM32F3xx_HAL_Driver/Src/stm32f3xx_hal_gpio.o
 .debug_frame   0x000000000000199c      0xbe8 Drivers/STM32F3xx_HAL_Driver/Src/stm32f3xx_hal_i2c.o
 .debug_frame   0x0000000000002584      0x100 Drivers/STM32F3xx_HAL_Driver/Src/stm32f3xx_hal_i2c_ex.o
 .debug_frame   0x0000000000002684      0x578 Drivers/STM32F3xx_HAL_Driver/Src/stm32f3xx_hal_pcd.o
 .debug_frame   0x0000000000002bfc      0x214 Drivers/STM32F3xx_HAL_Driver/Src/stm32f3xx_hal_rcc.o
 .debug_frame   0x0000000000002e10       0xb4 Drivers/STM32F3xx_HAL_Driver/Src/stm32f3xx_hal_rcc_ex.o
 .debug_frame   0x0000000000002ec4      0x860 Drivers/STM32F3xx_HAL_Driver/Src/stm32f3xx_hal_spi.o
 .debug_frame   0x0000000000003724      0x9e0 Drivers/STM32F3xx_HAL_Driver/Src/stm32f3xx_hal_uart.o
 .debug_frame   0x0000000000004104      0x18c Drivers/STM32F3xx_HAL_Driver/Src/stm32f3xx_hal_uart_ex.o
 .debug_frame   0x0000000000004290      0x310 Drivers/STM32F3xx_HAL_Driver/Src/stm32f3xx_ll_usb.o
 .debug_frame   0x00000000000045a0       0x2c /opt/st/stm32cubeide_1.6.1/plugins/com.st.stm32cube.ide.mcu.externaltools.gnu-tools-for-stm32.9-2020-q2-update.linux64_1.5.0.202011040924/tools/bin/../lib/gcc/arm-none-eabi/9.3.1/../../../../arm-none-eabi/lib/thumb/v7e-m+fp/hard/libc_nano.a(lib_a-init.o)
 .debug_frame   0x00000000000045cc       0x20 /opt/st/stm32cubeide_1.6.1/plugins/com.st.stm32cube.ide.mcu.externaltools.gnu-tools-for-stm32.9-2020-q2-update.linux64_1.5.0.202011040924/tools/bin/../lib/gcc/arm-none-eabi/9.3.1/../../../../arm-none-eabi/lib/thumb/v7e-m+fp/hard/libc_nano.a(lib_a-memset.o)
