main.c:79:6:HAL_UART_TxCpltCallback	16	static
main.c:83:6:HAL_UART_RxCpltCallback	16	static
main.c:93:5:main	8	static
main.c:144:6:SystemClock_Config	232	static
main.c:222:13:MX_DFSDM1_Init	8	static
main.c:260:13:MX_I2C2_Init	8	static
main.c:306:13:MX_QUADSPI_Init	8	static
main.c:339:13:MX_SPI3_Init	8	static
main.c:379:13:MX_UART4_Init	8	static
main.c:414:13:MX_USART1_UART_Init	8	static
main.c:449:13:MX_USART3_UART_Init	8	static
main.c:484:13:MX_USB_OTG_FS_PCD_Init	8	static
main.c:519:13:MX_GPIO_Init	48	static
main.c:701:6:Error_Handler	4	static,ignoring_inline_asm
